IMSI found here
ISD detected
Process no 10 started
Process 10 no
IMSI and ISD together
Error occurred
Warning present
Error but not warning
BSIDES
